// Jest Snapshot v1, https://goo.gl/fbAQLP

exports[`AirglowTestPlugin should register reducers 1`] = `
Array [
  "reducer",
  [Function],
]
`;
