// Jest Snapshot v1, https://goo.gl/fbAQLP

exports[`AirglowPrefabPlugin should send the prefab content on bootstrap 1`] = `
Array [
  Object {
    "meta": undefined,
    "payload": "new.prefab.content",
    "type": "BOOTSTRAP_PREFAB",
  },
]
`;
