// Jest Snapshot v1, https://goo.gl/fbAQLP

exports[`ExtractReducer should extract multiple values 1`] = `
Object {
  "crust": "deep",
  "pizza": "cheese",
  "size": "large",
}
`;
