// Jest Snapshot v1, https://goo.gl/fbAQLP

exports[`StoreMiddlewareIntegrationTest should trigger middleware on all actions 1`] = `
Object {
  "type": "CLICK IT",
}
`;
