// Jest Snapshot v1, https://goo.gl/fbAQLP

exports[`tablePrefab should return the table 1`] = `
Object {
  "fruits": Object {
    "addColumnAction": [Function],
    "allowsMultipleSelection": true,
    "allowsSelection": true,
    "columns": Object {
      "color": Object {
        "name": "color",
        "sorter": [Function],
      },
      "name": Object {
        "name": "name",
        "sorter": [Function],
      },
    },
    "dataSelector": [Function],
    "defaultSort": undefined,
    "deselectRowsAction": [Function],
    "handlers": [Function],
    "reduce": [Function],
    "removeColumnAction": [Function],
    "selectedData": [Function],
    "state": [Function],
    "tableName": "fruits",
    "toggleRowAction": [Function],
  },
}
`;
